TAP version 13
# Subtest: Salesforce API and source layout
ok 1 - Salesforce API and source layout
  ---
  duration_ms: 1.65075
  type: 'test'
  ...
# Subtest: five exact requirements with limitations
ok 2 - five exact requirements with limitations
  ---
  duration_ms: 0.42225
  type: 'test'
  ...
# Subtest: Apex sharing and invocable entry point
ok 3 - Apex sharing and invocable entry point
  ---
  duration_ms: 0.261584
  type: 'test'
  ...
1..3
# tests 3
# suites 0
# pass 3
# fail 0
# cancelled 0
# skipped 0
# todo 0
# duration_ms 79.829417
